<html>
<body>
<pre>
<h1>µVision Build Log</h1>
<h2>Project:</h2>
C:\Users\Doyoung\Desktop\ValvanoWareTM4C123\Lab5\MAX5353.uvproj
Project File Date:  02/24/2016

<h2>Output:</h2>
Build target 'MAX5353'
compiling MAX5353TestMain.c...
linking...
Program Size: Code=1636 RO-data=224 RW-data=8 ZI-data=1120  
".\MAX5353.axf" - 0 Error(s), 0 Warning(s).
Load "C:\\Users\\Doyoung\\Desktop\\ValvanoWareTM4C123\\Lab5\\MAX5353.axf" 
Connecting: Mode=JTAG, Speed=1000000Hz
Erase Done.
Programming Done.
Verify OK.
</pre>
</body>
</html>
sktop\\ValvanoWareTM4C123\\Lab5\\MAX5353.axf" 
Connecting: Mode=JTAG, Speed=1000000Hz
Erase Done.
Programming Done.
Verify OK.
LED.c...
compiling PLL.c...
".\MAX5353.axf" - 1 Error(s), 0 Warning(s).
Target not created
, 2047, 2048, 2048, 2048, 2047, 2045, 2043, 2040, 2037, 2033, 2028, 2023, 2017, 2011, 2004, 1996, 1988, 1979, 1970, 1960, 1950, 1939, 1927, 1915, 1902, 1889, 1875, 1861, 1846, 1831, 1816, 1799, 1783, 1766, 1748, 1730, 1712, 1693, 1674, 1654, 1634, 1614, 1593, 1572, 1550, 1529, 1507, 1484, 1462, 1439, 1416, 1393, 1369, 1345, 1321, 1297, 1273, 1248, 1224, 1199, 1174, 1149, 1124, 1099, 1074, 1049, 0, 0, 0, 0, 0, 0, 0, 0, 0, 0, 0, 0, 0, 0, 0, 0, 0, 0, 0, 0, 0, 0, 0, 0, 0, 0, 0, 0, 0, 0, 0, 0, 0, 0, 0, 0, 0, 0, 0, 0, 0, 0, 0, 0, 0, 0, 0, 0, 0, 0, 0, 0, 0, 0, 0, 0, 0, 0, 0, 0, 0, 0, 0, 0, 0, 0, 0, 0, 0, 0, 0, 0, 0
MAX5353TestMain.c(52): error:  #65: expected a ";"
  const unsigned uint32_t Wave[256] = {1024, 1049, 1074, 1099, 1124, 1149, 1174, 1199, 1224, 1248, 1273, 1297, 1321, 1345, 1369, 1393, 1416, 1439, 1462, 1484, 1507, 1529, 1550, 1572, 1593, 1614, 1634, 1654, 1674, 1693, 1712, 1730, 1748, 1766, 1783, 1799, 1816, 1831, 1846, 1861, 1875, 1889, 1902, 1915, 1927, 1939, 1950, 1960, 1970, 1979, 1988, 1996, 2004, 2011, 2017, 2023, 2028, 2033, 2037, 2040, 2043, 2045, 2047, 2048, 2048, 2048, 2047, 2045, 2043, 2040, 2037, 2033, 2028, 2023, 2017, 2011, 2004, 1996, 1988, 1979, 1970, 1960, 1950, 1939, 1927, 1915, 1902, 1889, 1875, 1861, 1846, 1831, 1816, 1799, 1783, 1766, 1748, 1730, 1712, 1693, 1674, 1654, 1634, 1614, 1593, 1572, 1550, 1529, 1507, 1484, 1462, 1439, 1416, 1393, 1369, 1345, 1321, 1297, 1273, 1248, 1224, 1199, 1174, 1149, 1124, 1099, 1074, 1049, 0, 0, 0, 0, 0, 0, 0, 0, 0, 0, 0, 0, 0, 0, 0, 0, 0, 0, 0, 0, 0, 0, 0, 0, 0, 0, 0, 0, 0, 0, 0, 0, 0, 0, 0, 0, 0, 0, 0, 0, 0, 0, 0, 0, 0, 0, 0, 0, 0, 0, 0, 0, 0, 0, 0, 0, 0, 0, 0, 0, 0, 0, 0, 0, 0, 0, 0, 0, 0, 0, 0, 0, 0
MAX5353TestMain.c(68): error:  #757: variable "uint32_t" is not a type name
  uint32_t dacIndex;
MAX5353TestMain.c(72): error:  #20: identifier "Wave" is undefined
    DAC_Out(Wave[dacIndex]);
MAX5353TestMain.c: 0 warnings, 4 errors
compiling SysTick.c...
compiling DAC.c...
compiling Timer0A.c...
compiling Switch.c...
compiling LED.c...
compiling PLL.c...
".\MAX5353.axf" - 4 Error(s), 0 Warning(s).
Target not created
